Component: ARM Compiler 5.06 update 5 (build 528) Tool: armlink [4d35e2]

==============================================================================

Section Cross References

    main_1.o(i.ADC_Config) refers to stm32f0xx_rcc.o(i.RCC_AHBPeriphClockCmd) for RCC_AHBPeriphClockCmd
    main_1.o(i.ADC_Config) refers to stm32f0xx_rcc.o(i.RCC_APB2PeriphClockCmd) for RCC_APB2PeriphClockCmd
    main_1.o(i.ADC_Config) refers to stm32f0xx_gpio.o(i.GPIO_Init) for GPIO_Init
    main_1.o(i.ADC_Config) refers to stm32f0xx_adc.o(i.ADC_DeInit) for ADC_DeInit
    main_1.o(i.ADC_Config) refers to stm32f0xx_adc.o(i.ADC_StructInit) for ADC_StructInit
    main_1.o(i.ADC_Config) refers to stm32f0xx_adc.o(i.ADC_Init) for ADC_Init
    main_1.o(i.ADC_Config) refers to stm32f0xx_adc.o(i.ADC_ChannelConfig) for ADC_ChannelConfig
    main_1.o(i.ADC_Config) refers to stm32f0xx_adc.o(i.ADC_GetCalibrationFactor) for ADC_GetCalibrationFactor
    main_1.o(i.ADC_Config) refers to stm32f0xx_adc.o(i.ADC_Cmd) for ADC_Cmd
    main_1.o(i.ADC_Config) refers to stm32f0xx_adc.o(i.ADC_GetFlagStatus) for ADC_GetFlagStatus
    main_1.o(i.ADC_Config) refers to stm32f0xx_adc.o(i.ADC_StartOfConversion) for ADC_StartOfConversion
    main_1.o(i.Delay) refers to main_1.o(.data) for TimingDelay
    main_1.o(i.LED_GPIO_Configuration) refers to stm32f0xx_rcc.o(i.RCC_AHBPeriphClockCmd) for RCC_AHBPeriphClockCmd
    main_1.o(i.LED_GPIO_Configuration) refers to stm32f0xx_gpio.o(i.GPIO_Init) for GPIO_Init
    main_1.o(i.TimingDelay_Decrement) refers to main_1.o(.data) for TimingDelay
    main_1.o(i.main) refers to stm32f0xx_rcc.o(i.RCC_APB2PeriphClockCmd) for RCC_APB2PeriphClockCmd
    main_1.o(i.main) refers to main_1.o(i.LED_GPIO_Configuration) for LED_GPIO_Configuration
    main_1.o(i.main) refers to main_1.o(i.ADC_Config) for ADC_Config
    main_1.o(i.main) refers to aeabi_sdiv.o(.text) for __aeabi_uidivmod
    main_1.o(i.main) refers to main_1.o(i.NVIC_SetPriority) for NVIC_SetPriority
    main_1.o(i.main) refers to stm32f0xx_adc.o(i.ADC_GetFlagStatus) for ADC_GetFlagStatus
    main_1.o(i.main) refers to stm32f0xx_adc.o(i.ADC_GetConversionValue) for ADC_GetConversionValue
    main_1.o(i.main) refers to stm32f0xx_gpio.o(i.GPIO_SetBits) for GPIO_SetBits
    main_1.o(i.main) refers to main_1.o(i.Delay) for Delay
    main_1.o(i.main) refers to stm32f0xx_gpio.o(i.GPIO_ResetBits) for GPIO_ResetBits
    main_1.o(i.main) refers to system_stm32f0xx.o(.data) for SystemCoreClock
    main_1.o(i.main) refers to main_1.o(.data) for ADC1ConvertedValue
    stm32f0xx_it.o(i.SysTick_Handler) refers to main_1.o(i.TimingDelay_Decrement) for TimingDelay_Decrement
    system_stm32f0xx.o(i.SystemCoreClockUpdate) refers to aeabi_sdiv.o(.text) for __aeabi_uidivmod
    system_stm32f0xx.o(i.SystemCoreClockUpdate) refers to system_stm32f0xx.o(.data) for SystemCoreClock
    system_stm32f0xx.o(i.SystemInit) refers to system_stm32f0xx.o(i.SetSysClock) for SetSysClock
    stm32f0xx_gpio.o(i.GPIO_DeInit) refers to stm32f0xx_rcc.o(i.RCC_AHBPeriphResetCmd) for RCC_AHBPeriphResetCmd
    stm32f0xx_rcc.o(i.RCC_GetClocksFreq) refers to aeabi_sdiv.o(.text) for __aeabi_uidivmod
    stm32f0xx_rcc.o(i.RCC_GetClocksFreq) refers to stm32f0xx_rcc.o(.data) for APBAHBPrescTable
    stm32f0xx_rcc.o(i.RCC_WaitForHSEStartUp) refers to stm32f0xx_rcc.o(i.RCC_GetFlagStatus) for RCC_GetFlagStatus
    stm32f0xx_adc.o(i.ADC_DeInit) refers to stm32f0xx_rcc.o(i.RCC_APB2PeriphResetCmd) for RCC_APB2PeriphResetCmd
    startup_stm32f030.o(STACK) refers (Special) to heapauxi.o(.text) for __use_two_region_memory
    startup_stm32f030.o(HEAP) refers (Special) to heapauxi.o(.text) for __use_two_region_memory
    startup_stm32f030.o(RESET) refers (Special) to heapauxi.o(.text) for __use_two_region_memory
    startup_stm32f030.o(RESET) refers to startup_stm32f030.o(STACK) for __initial_sp
    startup_stm32f030.o(RESET) refers to startup_stm32f030.o(.text) for Reset_Handler
    startup_stm32f030.o(RESET) refers to stm32f0xx_it.o(i.NMI_Handler) for NMI_Handler
    startup_stm32f030.o(RESET) refers to stm32f0xx_it.o(i.HardFault_Handler) for HardFault_Handler
    startup_stm32f030.o(RESET) refers to stm32f0xx_it.o(i.SVC_Handler) for SVC_Handler
    startup_stm32f030.o(RESET) refers to stm32f0xx_it.o(i.PendSV_Handler) for PendSV_Handler
    startup_stm32f030.o(RESET) refers to stm32f0xx_it.o(i.SysTick_Handler) for SysTick_Handler
    startup_stm32f030.o(.text) refers (Special) to heapauxi.o(.text) for __use_two_region_memory
    startup_stm32f030.o(.text) refers to startup_stm32f030.o(STACK) for __initial_sp
    startup_stm32f030.o(.text) refers to system_stm32f0xx.o(i.SystemInit) for SystemInit
    startup_stm32f030.o(.text) refers to __main.o(!!!main) for __main
    startup_stm32f030.o(.text) refers to startup_stm32f030.o(HEAP) for Heap_Mem
    __main.o(!!!main) refers to __rtentry.o(.ARM.Collect$$rtentry$$00000000) for __rt_entry
    __rtentry.o(.ARM.Collect$$rtentry$$00000000) refers (Special) to __rtentry2.o(.ARM.Collect$$rtentry$$0000000A) for __rt_entry_li
    __rtentry.o(.ARM.Collect$$rtentry$$00000000) refers (Special) to __rtentry2.o(.ARM.Collect$$rtentry$$0000000D) for __rt_entry_main
    __rtentry.o(.ARM.Collect$$rtentry$$00000000) refers (Special) to __rtentry2.o(.ARM.Collect$$rtentry$$0000000C) for __rt_entry_postli_1
    __rtentry.o(.ARM.Collect$$rtentry$$00000000) refers (Special) to __rtentry2.o(.ARM.Collect$$rtentry$$00000009) for __rt_entry_postsh_1
    __rtentry.o(.ARM.Collect$$rtentry$$00000000) refers (Special) to __rtentry2.o(.ARM.Collect$$rtentry$$00000002) for __rt_entry_presh_1
    __rtentry.o(.ARM.Collect$$rtentry$$00000000) refers (Special) to __rtentry4.o(.ARM.Collect$$rtentry$$00000004) for __rt_entry_sh
    aeabi_idiv0_sigfpe.o(.text) refers to rt_div0.o(.text) for __rt_div0
    __rtentry2.o(.ARM.Collect$$rtentry$$00000008) refers to boardinit2.o(.text) for _platform_post_stackheap_init
    __rtentry2.o(.ARM.Collect$$rtentry$$0000000A) refers to libinit.o(.ARM.Collect$$libinit$$00000000) for __rt_lib_init
    __rtentry2.o(.ARM.Collect$$rtentry$$0000000B) refers to boardinit3.o(.text) for _platform_post_lib_init
    __rtentry2.o(.ARM.Collect$$rtentry$$0000000D) refers to main_1.o(i.main) for main
    __rtentry2.o(.ARM.Collect$$rtentry$$0000000D) refers to exit.o(.text) for exit
    __rtentry2.o(.ARM.exidx) refers to __rtentry2.o(.ARM.Collect$$rtentry$$00000001) for .ARM.Collect$$rtentry$$00000001
    __rtentry2.o(.ARM.exidx) refers to __rtentry2.o(.ARM.Collect$$rtentry$$00000008) for .ARM.Collect$$rtentry$$00000008
    __rtentry2.o(.ARM.exidx) refers to __rtentry2.o(.ARM.Collect$$rtentry$$0000000A) for .ARM.Collect$$rtentry$$0000000A
    __rtentry2.o(.ARM.exidx) refers to __rtentry2.o(.ARM.Collect$$rtentry$$0000000B) for .ARM.Collect$$rtentry$$0000000B
    __rtentry2.o(.ARM.exidx) refers to __rtentry2.o(.ARM.Collect$$rtentry$$0000000D) for .ARM.Collect$$rtentry$$0000000D
    __rtentry4.o(.ARM.Collect$$rtentry$$00000004) refers to sys_stackheap_outer.o(.text) for __user_setup_stackheap
    __rtentry4.o(.ARM.exidx) refers to __rtentry4.o(.ARM.Collect$$rtentry$$00000004) for .ARM.Collect$$rtentry$$00000004
    rt_div0.o(.text) refers to defsig_fpe_outer.o(.text) for __rt_SIGFPE
    sys_stackheap_outer.o(.text) refers to libspace.o(.text) for __user_perproc_libspace
    sys_stackheap_outer.o(.text) refers to startup_stm32f030.o(.text) for __user_initial_stackheap
    sys_stackheap_outer.o(__vectab_stack_and_reset_area) refers to tempstk.o(.text) for __temporary_stack_top
    sys_stackheap_outer.o(__vectab_stack_and_reset_area) refers to __main.o(!!!main) for __main
    exit.o(.text) refers to rtexit.o(.ARM.Collect$$rtexit$$00000000) for __rt_exit
    defsig_fpe_outer.o(.text) refers to defsig_fpe_inner.o(.text) for __rt_SIGFPE_inner
    defsig_fpe_outer.o(.text) refers to defsig_exit.o(.text) for __sig_exit
    defsig_fpe_formal.o(.text) refers to rt_raise.o(.text) for __rt_raise
    libinit.o(.ARM.Collect$$libinit$$00000000) refers (Special) to libinit2.o(.ARM.Collect$$libinit$$0000002E) for __rt_lib_init_alloca_1
    libinit.o(.ARM.Collect$$libinit$$00000000) refers (Special) to libinit2.o(.ARM.Collect$$libinit$$0000002C) for __rt_lib_init_argv_1
    libinit.o(.ARM.Collect$$libinit$$00000000) refers (Special) to libinit2.o(.ARM.Collect$$libinit$$0000001B) for __rt_lib_init_atexit_1
    libinit.o(.ARM.Collect$$libinit$$00000000) refers (Special) to libinit2.o(.ARM.Collect$$libinit$$00000021) for __rt_lib_init_clock_1
    libinit.o(.ARM.Collect$$libinit$$00000000) refers (Special) to libinit2.o(.ARM.Collect$$libinit$$00000032) for __rt_lib_init_cpp_1
    libinit.o(.ARM.Collect$$libinit$$00000000) refers (Special) to libinit2.o(.ARM.Collect$$libinit$$00000030) for __rt_lib_init_exceptions_1
    libinit.o(.ARM.Collect$$libinit$$00000000) refers (Special) to libinit2.o(.ARM.Collect$$libinit$$00000002) for __rt_lib_init_fp_1
    libinit.o(.ARM.Collect$$libinit$$00000000) refers (Special) to libinit2.o(.ARM.Collect$$libinit$$0000001F) for __rt_lib_init_fp_trap_1
    libinit.o(.ARM.Collect$$libinit$$00000000) refers (Special) to libinit2.o(.ARM.Collect$$libinit$$00000023) for __rt_lib_init_getenv_1
    libinit.o(.ARM.Collect$$libinit$$00000000) refers (Special) to libinit2.o(.ARM.Collect$$libinit$$0000000A) for __rt_lib_init_heap_1
    libinit.o(.ARM.Collect$$libinit$$00000000) refers (Special) to libinit2.o(.ARM.Collect$$libinit$$00000011) for __rt_lib_init_lc_collate_1
    libinit.o(.ARM.Collect$$libinit$$00000000) refers (Special) to libinit2.o(.ARM.Collect$$libinit$$00000013) for __rt_lib_init_lc_ctype_1
    libinit.o(.ARM.Collect$$libinit$$00000000) refers (Special) to libinit2.o(.ARM.Collect$$libinit$$00000015) for __rt_lib_init_lc_monetary_1
    libinit.o(.ARM.Collect$$libinit$$00000000) refers (Special) to libinit2.o(.ARM.Collect$$libinit$$00000017) for __rt_lib_init_lc_numeric_1
    libinit.o(.ARM.Collect$$libinit$$00000000) refers (Special) to libinit2.o(.ARM.Collect$$libinit$$00000019) for __rt_lib_init_lc_time_1
    libinit.o(.ARM.Collect$$libinit$$00000000) refers (Special) to libinit2.o(.ARM.Collect$$libinit$$00000004) for __rt_lib_init_preinit_1
    libinit.o(.ARM.Collect$$libinit$$00000000) refers (Special) to libinit2.o(.ARM.Collect$$libinit$$0000000E) for __rt_lib_init_rand_1
    libinit.o(.ARM.Collect$$libinit$$00000000) refers (Special) to libinit2.o(.ARM.Collect$$libinit$$00000033) for __rt_lib_init_return
    libinit.o(.ARM.Collect$$libinit$$00000000) refers (Special) to libinit2.o(.ARM.Collect$$libinit$$0000001D) for __rt_lib_init_signal_1
    libinit.o(.ARM.Collect$$libinit$$00000000) refers (Special) to libinit2.o(.ARM.Collect$$libinit$$00000025) for __rt_lib_init_stdio_1
    libinit.o(.ARM.Collect$$libinit$$00000000) refers (Special) to libinit2.o(.ARM.Collect$$libinit$$0000000C) for __rt_lib_init_user_alloc_1
    libspace.o(.text) refers to libspace.o(.bss) for __libspace_start
    rtexit.o(.ARM.Collect$$rtexit$$00000000) refers (Special) to rtexit2.o(.ARM.Collect$$rtexit$$00000004) for __rt_exit_exit
    rtexit.o(.ARM.Collect$$rtexit$$00000000) refers (Special) to rtexit2.o(.ARM.Collect$$rtexit$$00000003) for __rt_exit_ls
    rtexit.o(.ARM.Collect$$rtexit$$00000000) refers (Special) to rtexit2.o(.ARM.Collect$$rtexit$$00000002) for __rt_exit_prels_1
    rtexit.o(.ARM.exidx) refers (Special) to rtexit2.o(.ARM.Collect$$rtexit$$00000004) for __rt_exit_exit
    rtexit.o(.ARM.exidx) refers (Special) to rtexit2.o(.ARM.Collect$$rtexit$$00000003) for __rt_exit_ls
    rtexit.o(.ARM.exidx) refers (Special) to rtexit2.o(.ARM.Collect$$rtexit$$00000002) for __rt_exit_prels_1
    rtexit.o(.ARM.exidx) refers to rtexit.o(.ARM.Collect$$rtexit$$00000000) for .ARM.Collect$$rtexit$$00000000
    rt_raise.o(.text) refers to __raise.o(.text) for __raise
    rt_raise.o(.text) refers to sys_exit.o(.text) for _sys_exit
    defsig_exit.o(.text) refers to sys_exit.o(.text) for _sys_exit
    defsig_fpe_inner.o(.text) refers to defsig_general.o(.text) for __default_signal_display
    libinit2.o(.ARM.Collect$$libinit$$00000010) refers to libinit2.o(.ARM.Collect$$libinit$$0000000F) for .ARM.Collect$$libinit$$0000000F
    libinit2.o(.ARM.Collect$$libinit$$00000012) refers to libinit2.o(.ARM.Collect$$libinit$$0000000F) for .ARM.Collect$$libinit$$0000000F
    libinit2.o(.ARM.Collect$$libinit$$00000014) refers to libinit2.o(.ARM.Collect$$libinit$$0000000F) for .ARM.Collect$$libinit$$0000000F
    libinit2.o(.ARM.Collect$$libinit$$00000016) refers to libinit2.o(.ARM.Collect$$libinit$$0000000F) for .ARM.Collect$$libinit$$0000000F
    libinit2.o(.ARM.Collect$$libinit$$00000018) refers to libinit2.o(.ARM.Collect$$libinit$$0000000F) for .ARM.Collect$$libinit$$0000000F
    libinit2.o(.ARM.Collect$$libinit$$00000026) refers to argv_veneer.o(.text) for __ARM_argv_veneer
    libinit2.o(.ARM.Collect$$libinit$$00000027) refers to argv_veneer.o(.text) for __ARM_argv_veneer
    sys_exit.o(.text) refers (Special) to use_no_semi.o(.text) for __I$use$semihosting
    sys_exit.o(.text) refers (Special) to indicate_semi.o(.text) for __semihosting_library_function
    rtexit2.o(.ARM.Collect$$rtexit$$00000003) refers to libshutdown.o(.ARM.Collect$$libshutdown$$00000000) for __rt_lib_shutdown
    rtexit2.o(.ARM.Collect$$rtexit$$00000004) refers to sys_exit.o(.text) for _sys_exit
    rtexit2.o(.ARM.exidx) refers to rtexit2.o(.ARM.Collect$$rtexit$$00000001) for .ARM.Collect$$rtexit$$00000001
    rtexit2.o(.ARM.exidx) refers to rtexit2.o(.ARM.Collect$$rtexit$$00000003) for .ARM.Collect$$rtexit$$00000003
    rtexit2.o(.ARM.exidx) refers to rtexit2.o(.ARM.Collect$$rtexit$$00000004) for .ARM.Collect$$rtexit$$00000004
    __raise.o(.text) refers to defsig.o(CL$$defsig) for __default_signal_handler
    defsig_general.o(.text) refers to sys_wrch.o(.text) for _ttywrch
    sys_wrch.o(.text) refers (Special) to use_no_semi.o(.text) for __I$use$semihosting
    sys_wrch.o(.text) refers (Special) to indicate_semi.o(.text) for __semihosting_library_function
    defsig.o(CL$$defsig) refers to defsig_fpe_inner.o(.text) for __rt_SIGFPE_inner
    defsig.o(CL$$defsig) refers to defsig_rtmem_inner.o(.text) for __rt_SIGRTMEM_inner
    _get_argv_nomalloc.o(.text) refers (Special) to hrguard.o(.text) for __heap_region$guard
    _get_argv_nomalloc.o(.text) refers to defsig_rtmem_outer.o(.text) for __rt_SIGRTMEM
    _get_argv_nomalloc.o(.text) refers to sys_command.o(.text) for _sys_command_string
    libshutdown.o(.ARM.Collect$$libshutdown$$00000000) refers (Special) to libshutdown2.o(.ARM.Collect$$libshutdown$$00000002) for __rt_lib_shutdown_cpp_1
    libshutdown.o(.ARM.Collect$$libshutdown$$00000000) refers (Special) to libshutdown2.o(.ARM.Collect$$libshutdown$$00000007) for __rt_lib_shutdown_fp_trap_1
    libshutdown.o(.ARM.Collect$$libshutdown$$00000000) refers (Special) to libshutdown2.o(.ARM.Collect$$libshutdown$$0000000F) for __rt_lib_shutdown_heap_1
    libshutdown.o(.ARM.Collect$$libshutdown$$00000000) refers (Special) to libshutdown2.o(.ARM.Collect$$libshutdown$$00000010) for __rt_lib_shutdown_return
    libshutdown.o(.ARM.Collect$$libshutdown$$00000000) refers (Special) to libshutdown2.o(.ARM.Collect$$libshutdown$$0000000A) for __rt_lib_shutdown_signal_1
    libshutdown.o(.ARM.Collect$$libshutdown$$00000000) refers (Special) to libshutdown2.o(.ARM.Collect$$libshutdown$$00000004) for __rt_lib_shutdown_stdio_1
    libshutdown.o(.ARM.Collect$$libshutdown$$00000000) refers (Special) to libshutdown2.o(.ARM.Collect$$libshutdown$$0000000C) for __rt_lib_shutdown_user_alloc_1
    sys_command.o(.text) refers (Special) to use_no_semi.o(.text) for __I$use$semihosting
    sys_command.o(.text) refers (Special) to indicate_semi.o(.text) for __semihosting_library_function
    defsig_abrt_inner.o(.text) refers to defsig_general.o(.text) for __default_signal_display
    defsig_rtred_inner.o(.text) refers to defsig_general.o(.text) for __default_signal_display
    defsig_rtmem_inner.o(.text) refers to defsig_general.o(.text) for __default_signal_display
    defsig_rtmem_outer.o(.text) refers to defsig_rtmem_inner.o(.text) for __rt_SIGRTMEM_inner
    defsig_rtmem_outer.o(.text) refers to defsig_exit.o(.text) for __sig_exit
    defsig_rtmem_formal.o(.text) refers to rt_raise.o(.text) for __rt_raise
    defsig_stak_inner.o(.text) refers to defsig_general.o(.text) for __default_signal_display
    defsig_pvfn_inner.o(.text) refers to defsig_general.o(.text) for __default_signal_display
    defsig_cppl_inner.o(.text) refers to defsig_general.o(.text) for __default_signal_display
    defsig_segv_inner.o(.text) refers to defsig_general.o(.text) for __default_signal_display
    defsig_other.o(.text) refers to defsig_general.o(.text) for __default_signal_display


==============================================================================

Removing Unused input sections from the image.

    Removing main_1.o(.rev16_text), (4 bytes).
    Removing main_1.o(.revsh_text), (4 bytes).
    Removing stm32f0xx_it.o(.rev16_text), (4 bytes).
    Removing stm32f0xx_it.o(.revsh_text), (4 bytes).
    Removing system_stm32f0xx.o(.rev16_text), (4 bytes).
    Removing system_stm32f0xx.o(.revsh_text), (4 bytes).
    Removing system_stm32f0xx.o(i.SystemCoreClockUpdate), (176 bytes).
    Removing stm32f0xx_gpio.o(.rev16_text), (4 bytes).
    Removing stm32f0xx_gpio.o(.revsh_text), (4 bytes).
    Removing stm32f0xx_gpio.o(i.GPIO_DeInit), (176 bytes).
    Removing stm32f0xx_gpio.o(i.GPIO_PinAFConfig), (68 bytes).
    Removing stm32f0xx_gpio.o(i.GPIO_PinLockConfig), (34 bytes).
    Removing stm32f0xx_gpio.o(i.GPIO_ReadInputData), (6 bytes).
    Removing stm32f0xx_gpio.o(i.GPIO_ReadInputDataBit), (20 bytes).
    Removing stm32f0xx_gpio.o(i.GPIO_ReadOutputData), (6 bytes).
    Removing stm32f0xx_gpio.o(i.GPIO_ReadOutputDataBit), (20 bytes).
    Removing stm32f0xx_gpio.o(i.GPIO_StructInit), (24 bytes).
    Removing stm32f0xx_gpio.o(i.GPIO_Write), (4 bytes).
    Removing stm32f0xx_gpio.o(i.GPIO_WriteBit), (12 bytes).
    Removing stm32f0xx_rcc.o(.rev16_text), (4 bytes).
    Removing stm32f0xx_rcc.o(.revsh_text), (4 bytes).
    Removing stm32f0xx_rcc.o(i.RCC_ADCCLKConfig), (56 bytes).
    Removing stm32f0xx_rcc.o(i.RCC_AHBPeriphResetCmd), (32 bytes).
    Removing stm32f0xx_rcc.o(i.RCC_APB1PeriphClockCmd), (32 bytes).
    Removing stm32f0xx_rcc.o(i.RCC_APB1PeriphResetCmd), (32 bytes).
    Removing stm32f0xx_rcc.o(i.RCC_AdjustHSI14CalibrationValue), (32 bytes).
    Removing stm32f0xx_rcc.o(i.RCC_AdjustHSICalibrationValue), (32 bytes).
    Removing stm32f0xx_rcc.o(i.RCC_BackupResetCmd), (40 bytes).
    Removing stm32f0xx_rcc.o(i.RCC_CECCLKConfig), (28 bytes).
    Removing stm32f0xx_rcc.o(i.RCC_ClearFlag), (20 bytes).
    Removing stm32f0xx_rcc.o(i.RCC_ClearITPendingBit), (12 bytes).
    Removing stm32f0xx_rcc.o(i.RCC_ClockSecuritySystemCmd), (40 bytes).
    Removing stm32f0xx_rcc.o(i.RCC_DeInit), (120 bytes).
    Removing stm32f0xx_rcc.o(i.RCC_GetClocksFreq), (584 bytes).
    Removing stm32f0xx_rcc.o(i.RCC_GetFlagStatus), (72 bytes).
    Removing stm32f0xx_rcc.o(i.RCC_GetITStatus), (28 bytes).
    Removing stm32f0xx_rcc.o(i.RCC_GetSYSCLKSource), (16 bytes).
    Removing stm32f0xx_rcc.o(i.RCC_HCLKConfig), (32 bytes).
    Removing stm32f0xx_rcc.o(i.RCC_HSEConfig), (16 bytes).
    Removing stm32f0xx_rcc.o(i.RCC_HSI14ADCRequestCmd), (36 bytes).
    Removing stm32f0xx_rcc.o(i.RCC_HSI14Cmd), (36 bytes).
    Removing stm32f0xx_rcc.o(i.RCC_HSI48Cmd), (40 bytes).
    Removing stm32f0xx_rcc.o(i.RCC_HSICmd), (36 bytes).
    Removing stm32f0xx_rcc.o(i.RCC_I2CCLKConfig), (28 bytes).
    Removing stm32f0xx_rcc.o(i.RCC_ITConfig), (32 bytes).
    Removing stm32f0xx_rcc.o(i.RCC_LSEConfig), (40 bytes).
    Removing stm32f0xx_rcc.o(i.RCC_LSEDriveConfig), (28 bytes).
    Removing stm32f0xx_rcc.o(i.RCC_LSICmd), (36 bytes).
    Removing stm32f0xx_rcc.o(i.RCC_MCOConfig), (12 bytes).
    Removing stm32f0xx_rcc.o(i.RCC_PCLKConfig), (36 bytes).
    Removing stm32f0xx_rcc.o(i.RCC_PLLCmd), (40 bytes).
    Removing stm32f0xx_rcc.o(i.RCC_PLLConfig), (36 bytes).
    Removing stm32f0xx_rcc.o(i.RCC_PREDIV1Config), (28 bytes).
    Removing stm32f0xx_rcc.o(i.RCC_RTCCLKCmd), (40 bytes).
    Removing stm32f0xx_rcc.o(i.RCC_RTCCLKConfig), (16 bytes).
    Removing stm32f0xx_rcc.o(i.RCC_SYSCLKConfig), (28 bytes).
    Removing stm32f0xx_rcc.o(i.RCC_USARTCLKConfig), (72 bytes).
    Removing stm32f0xx_rcc.o(i.RCC_USBCLKConfig), (28 bytes).
    Removing stm32f0xx_rcc.o(i.RCC_WaitForHSEStartUp), (60 bytes).
    Removing stm32f0xx_rcc.o(.data), (16 bytes).
    Removing stm32f0xx_adc.o(.rev16_text), (4 bytes).
    Removing stm32f0xx_adc.o(.revsh_text), (4 bytes).
    Removing stm32f0xx_adc.o(i.ADC_AnalogWatchdogCmd), (28 bytes).
    Removing stm32f0xx_adc.o(i.ADC_AnalogWatchdogSingleChannelCmd), (28 bytes).
    Removing stm32f0xx_adc.o(i.ADC_AnalogWatchdogSingleChannelConfig), (28 bytes).
    Removing stm32f0xx_adc.o(i.ADC_AnalogWatchdogThresholdsConfig), (8 bytes).
    Removing stm32f0xx_adc.o(i.ADC_AutoPowerOffCmd), (28 bytes).
    Removing stm32f0xx_adc.o(i.ADC_ClearFlag), (4 bytes).
    Removing stm32f0xx_adc.o(i.ADC_ClearITPendingBit), (4 bytes).
    Removing stm32f0xx_adc.o(i.ADC_ClockModeConfig), (4 bytes).
    Removing stm32f0xx_adc.o(i.ADC_ContinuousModeCmd), (28 bytes).
    Removing stm32f0xx_adc.o(i.ADC_DMACmd), (24 bytes).
    Removing stm32f0xx_adc.o(i.ADC_DMARequestModeConfig), (16 bytes).
    Removing stm32f0xx_adc.o(i.ADC_DiscModeCmd), (28 bytes).
    Removing stm32f0xx_adc.o(i.ADC_GetITStatus), (34 bytes).
    Removing stm32f0xx_adc.o(i.ADC_ITConfig), (20 bytes).
    Removing stm32f0xx_adc.o(i.ADC_JitterCmd), (20 bytes).
    Removing stm32f0xx_adc.o(i.ADC_OverrunModeCmd), (28 bytes).
    Removing stm32f0xx_adc.o(i.ADC_StopOfConversion), (10 bytes).
    Removing stm32f0xx_adc.o(i.ADC_TempSensorCmd), (40 bytes).
    Removing stm32f0xx_adc.o(i.ADC_VbatCmd), (40 bytes).
    Removing stm32f0xx_adc.o(i.ADC_VrefintCmd), (40 bytes).
    Removing stm32f0xx_adc.o(i.ADC_WaitModeCmd), (28 bytes).

83 unused section(s) (total 3030 bytes) removed from the image.

==============================================================================

Image Symbol Table

    Local Symbols

    Symbol Name                              Value     Ov Type        Size  Object(Section)

    ../clib/angel/boardlib.s                 0x00000000   Number         0  boardinit3.o ABSOLUTE
    ../clib/angel/boardlib.s                 0x00000000   Number         0  boardinit2.o ABSOLUTE
    ../clib/angel/boardlib.s                 0x00000000   Number         0  boardinit1.o ABSOLUTE
    ../clib/angel/boardlib.s                 0x00000000   Number         0  boardshut.o ABSOLUTE
    ../clib/angel/handlers.s                 0x00000000   Number         0  __scatter_zi.o ABSOLUTE
    ../clib/angel/handlers.s                 0x00000000   Number         0  __scatter_copy.o ABSOLUTE
    ../clib/angel/kernel.s                   0x00000000   Number         0  __rtentry2.o ABSOLUTE
    ../clib/angel/kernel.s                   0x00000000   Number         0  __rtentry.o ABSOLUTE
    ../clib/angel/kernel.s                   0x00000000   Number         0  rtexit.o ABSOLUTE
    ../clib/angel/kernel.s                   0x00000000   Number         0  rtexit2.o ABSOLUTE
    ../clib/angel/kernel.s                   0x00000000   Number         0  __rtentry4.o ABSOLUTE
    ../clib/angel/rt.s                       0x00000000   Number         0  aeabi_idiv0.o ABSOLUTE
    ../clib/angel/rt.s                       0x00000000   Number         0  aeabi_idiv0_sigfpe.o ABSOLUTE
    ../clib/angel/rt.s                       0x00000000   Number         0  rt_raise.o ABSOLUTE
    ../clib/angel/rt.s                       0x00000000   Number         0  rt_div0.o ABSOLUTE
    ../clib/angel/scatterp.s                 0x00000000   Number         0  __scatter.o ABSOLUTE
    ../clib/angel/startup.s                  0x00000000   Number         0  __main.o ABSOLUTE
    ../clib/angel/sys.s                      0x00000000   Number         0  tempstk.o ABSOLUTE
    ../clib/angel/sys.s                      0x00000000   Number         0  libspace.o ABSOLUTE
    ../clib/angel/sys.s                      0x00000000   Number         0  sys_stackheap_outer.o ABSOLUTE
    ../clib/angel/sys.s                      0x00000000   Number         0  indicate_semi.o ABSOLUTE
    ../clib/angel/sys.s                      0x00000000   Number         0  use_no_semi.o ABSOLUTE
    ../clib/angel/sysapp.c                   0x00000000   Number         0  sys_wrch.o ABSOLUTE
    ../clib/angel/sysapp.c                   0x00000000   Number         0  sys_command.o ABSOLUTE
    ../clib/angel/sysapp.c                   0x00000000   Number         0  sys_exit.o ABSOLUTE
    ../clib/armsys.c                         0x00000000   Number         0  no_argv.o ABSOLUTE
    ../clib/armsys.c                         0x00000000   Number         0  _get_argv_nomalloc.o ABSOLUTE
    ../clib/armsys.c                         0x00000000   Number         0  argv_veneer.o ABSOLUTE
    ../clib/division.s                       0x00000000   Number         0  aeabi_sdiv.o ABSOLUTE
    ../clib/division.s                       0x00000000   Number         0  aeabi_sdiv_div0.o ABSOLUTE
    ../clib/heapalloc.c                      0x00000000   Number         0  hrguard.o ABSOLUTE
    ../clib/heapaux.c                        0x00000000   Number         0  heapauxi.o ABSOLUTE
    ../clib/libinit.s                        0x00000000   Number         0  libshutdown.o ABSOLUTE
    ../clib/libinit.s                        0x00000000   Number         0  libinit.o ABSOLUTE
    ../clib/libinit.s                        0x00000000   Number         0  libshutdown2.o ABSOLUTE
    ../clib/libinit.s                        0x00000000   Number         0  libinit2.o ABSOLUTE
    ../clib/signal.c                         0x00000000   Number         0  defsig_rtred_inner.o ABSOLUTE
    ../clib/signal.c                         0x00000000   Number         0  defsig_abrt_inner.o ABSOLUTE
    ../clib/signal.c                         0x00000000   Number         0  defsig_fpe_inner.o ABSOLUTE
    ../clib/signal.c                         0x00000000   Number         0  defsig_exit.o ABSOLUTE
    ../clib/signal.c                         0x00000000   Number         0  defsig_rtmem_outer.o ABSOLUTE
    ../clib/signal.c                         0x00000000   Number         0  defsig_fpe_outer.o ABSOLUTE
    ../clib/signal.c                         0x00000000   Number         0  defsig_fpe_formal.o ABSOLUTE
    ../clib/signal.c                         0x00000000   Number         0  defsig_other.o ABSOLUTE
    ../clib/signal.c                         0x00000000   Number         0  defsig_segv_inner.o ABSOLUTE
    ../clib/signal.c                         0x00000000   Number         0  defsig_general.o ABSOLUTE
    ../clib/signal.c                         0x00000000   Number         0  __raise.o ABSOLUTE
    ../clib/signal.c                         0x00000000   Number         0  defsig_cppl_inner.o ABSOLUTE
    ../clib/signal.c                         0x00000000   Number         0  defsig_pvfn_inner.o ABSOLUTE
    ../clib/signal.c                         0x00000000   Number         0  defsig_stak_inner.o ABSOLUTE
    ../clib/signal.c                         0x00000000   Number         0  defsig_rtmem_formal.o ABSOLUTE
    ../clib/signal.c                         0x00000000   Number         0  defsig_rtmem_inner.o ABSOLUTE
    ../clib/signal.s                         0x00000000   Number         0  defsig.o ABSOLUTE
    ../clib/stdlib.c                         0x00000000   Number         0  exit.o ABSOLUTE
    ../fplib/cfplib/fpinit.c                 0x00000000   Number         0  fpinit.o ABSOLUTE
    ..\CMSIS\Device\ST\STM32F0xx\Source\Templates\arm\startup_stm32f030.s 0x00000000   Number         0  startup_stm32f030.o ABSOLUTE
    ..\\lib\\src\\stm32f0xx_adc.c            0x00000000   Number         0  stm32f0xx_adc.o ABSOLUTE
    ..\\lib\\src\\stm32f0xx_gpio.c           0x00000000   Number         0  stm32f0xx_gpio.o ABSOLUTE
    ..\\lib\\src\\stm32f0xx_rcc.c            0x00000000   Number         0  stm32f0xx_rcc.o ABSOLUTE
    ..\\src\\main.c                          0x00000000   Number         0  main_1.o ABSOLUTE
    ..\\src\\stm32f0xx_it.c                  0x00000000   Number         0  stm32f0xx_it.o ABSOLUTE
    ..\\src\\system_stm32f0xx.c              0x00000000   Number         0  system_stm32f0xx.o ABSOLUTE
    ..\lib\src\stm32f0xx_adc.c               0x00000000   Number         0  stm32f0xx_adc.o ABSOLUTE
    ..\lib\src\stm32f0xx_gpio.c              0x00000000   Number         0  stm32f0xx_gpio.o ABSOLUTE
    ..\lib\src\stm32f0xx_rcc.c               0x00000000   Number         0  stm32f0xx_rcc.o ABSOLUTE
    ..\src\main.c                            0x00000000   Number         0  main_1.o ABSOLUTE
    ..\src\stm32f0xx_it.c                    0x00000000   Number         0  stm32f0xx_it.o ABSOLUTE
    ..\src\system_stm32f0xx.c                0x00000000   Number         0  system_stm32f0xx.o ABSOLUTE
    dc.s                                     0x00000000   Number         0  dc.o ABSOLUTE
    RESET                                    0x08000000   Section      180  startup_stm32f030.o(RESET)
    !!!main                                  0x080000b4   Section        8  __main.o(!!!main)
    !!!scatter                               0x080000bc   Section       60  __scatter.o(!!!scatter)
    !!handler_copy                           0x080000f8   Section       26  __scatter_copy.o(!!handler_copy)
    !!handler_zi                             0x08000114   Section       28  __scatter_zi.o(!!handler_zi)
    .ARM.Collect$$libinit$$00000000          0x08000130   Section        2  libinit.o(.ARM.Collect$$libinit$$00000000)
    .ARM.Collect$$libinit$$00000002          0x08000132   Section        0  libinit2.o(.ARM.Collect$$libinit$$00000002)
    .ARM.Collect$$libinit$$00000004          0x08000132   Section        0  libinit2.o(.ARM.Collect$$libinit$$00000004)
    .ARM.Collect$$libinit$$0000000A          0x08000132   Section        0  libinit2.o(.ARM.Collect$$libinit$$0000000A)
    .ARM.Collect$$libinit$$0000000C          0x08000132   Section        0  libinit2.o(.ARM.Collect$$libinit$$0000000C)
    .ARM.Collect$$libinit$$0000000E          0x08000132   Section        0  libinit2.o(.ARM.Collect$$libinit$$0000000E)
    .ARM.Collect$$libinit$$00000011          0x08000132   Section        0  libinit2.o(.ARM.Collect$$libinit$$00000011)
    .ARM.Collect$$libinit$$00000013          0x08000132   Section        0  libinit2.o(.ARM.Collect$$libinit$$00000013)
    .ARM.Collect$$libinit$$00000015          0x08000132   Section        0  libinit2.o(.ARM.Collect$$libinit$$00000015)
    .ARM.Collect$$libinit$$00000017          0x08000132   Section        0  libinit2.o(.ARM.Collect$$libinit$$00000017)
    .ARM.Collect$$libinit$$00000019          0x08000132   Section        0  libinit2.o(.ARM.Collect$$libinit$$00000019)
    .ARM.Collect$$libinit$$0000001B          0x08000132   Section        0  libinit2.o(.ARM.Collect$$libinit$$0000001B)
    .ARM.Collect$$libinit$$0000001D          0x08000132   Section        0  libinit2.o(.ARM.Collect$$libinit$$0000001D)
    .ARM.Collect$$libinit$$0000001F          0x08000132   Section        0  libinit2.o(.ARM.Collect$$libinit$$0000001F)
    .ARM.Collect$$libinit$$00000021          0x08000132   Section        0  libinit2.o(.ARM.Collect$$libinit$$00000021)
    .ARM.Collect$$libinit$$00000023          0x08000132   Section        0  libinit2.o(.ARM.Collect$$libinit$$00000023)
    .ARM.Collect$$libinit$$00000025          0x08000132   Section        0  libinit2.o(.ARM.Collect$$libinit$$00000025)
    .ARM.Collect$$libinit$$0000002C          0x08000132   Section        0  libinit2.o(.ARM.Collect$$libinit$$0000002C)
    .ARM.Collect$$libinit$$0000002E          0x08000132   Section        0  libinit2.o(.ARM.Collect$$libinit$$0000002E)
    .ARM.Collect$$libinit$$00000030          0x08000132   Section        0  libinit2.o(.ARM.Collect$$libinit$$00000030)
    .ARM.Collect$$libinit$$00000032          0x08000132   Section        0  libinit2.o(.ARM.Collect$$libinit$$00000032)
    .ARM.Collect$$libinit$$00000033          0x08000132   Section        2  libinit2.o(.ARM.Collect$$libinit$$00000033)
    .ARM.Collect$$libshutdown$$00000000      0x08000134   Section        2  libshutdown.o(.ARM.Collect$$libshutdown$$00000000)
    .ARM.Collect$$libshutdown$$00000002      0x08000136   Section        0  libshutdown2.o(.ARM.Collect$$libshutdown$$00000002)
    .ARM.Collect$$libshutdown$$00000004      0x08000136   Section        0  libshutdown2.o(.ARM.Collect$$libshutdown$$00000004)
    .ARM.Collect$$libshutdown$$00000007      0x08000136   Section        0  libshutdown2.o(.ARM.Collect$$libshutdown$$00000007)
    .ARM.Collect$$libshutdown$$0000000A      0x08000136   Section        0  libshutdown2.o(.ARM.Collect$$libshutdown$$0000000A)
    .ARM.Collect$$libshutdown$$0000000C      0x08000136   Section        0  libshutdown2.o(.ARM.Collect$$libshutdown$$0000000C)
    .ARM.Collect$$libshutdown$$0000000F      0x08000136   Section        0  libshutdown2.o(.ARM.Collect$$libshutdown$$0000000F)
    .ARM.Collect$$libshutdown$$00000010      0x08000136   Section        2  libshutdown2.o(.ARM.Collect$$libshutdown$$00000010)
    .ARM.Collect$$rtentry$$00000000          0x08000138   Section        0  __rtentry.o(.ARM.Collect$$rtentry$$00000000)
    .ARM.Collect$$rtentry$$00000002          0x08000138   Section        0  __rtentry2.o(.ARM.Collect$$rtentry$$00000002)
    .ARM.Collect$$rtentry$$00000004          0x08000138   Section        6  __rtentry4.o(.ARM.Collect$$rtentry$$00000004)
    .ARM.Collect$$rtentry$$00000009          0x0800013e   Section        0  __rtentry2.o(.ARM.Collect$$rtentry$$00000009)
    .ARM.Collect$$rtentry$$0000000A          0x0800013e   Section        4  __rtentry2.o(.ARM.Collect$$rtentry$$0000000A)
    .ARM.Collect$$rtentry$$0000000C          0x08000142   Section        0  __rtentry2.o(.ARM.Collect$$rtentry$$0000000C)
    .ARM.Collect$$rtentry$$0000000D          0x08000142   Section        8  __rtentry2.o(.ARM.Collect$$rtentry$$0000000D)
    .ARM.Collect$$rtexit$$00000000           0x0800014a   Section        2  rtexit.o(.ARM.Collect$$rtexit$$00000000)
    .ARM.Collect$$rtexit$$00000002           0x0800014c   Section        0  rtexit2.o(.ARM.Collect$$rtexit$$00000002)
    .ARM.Collect$$rtexit$$00000003           0x0800014c   Section        4  rtexit2.o(.ARM.Collect$$rtexit$$00000003)
    .ARM.Collect$$rtexit$$00000004           0x08000150   Section        6  rtexit2.o(.ARM.Collect$$rtexit$$00000004)
    .text                                    0x08000158   Section      116  startup_stm32f030.o(.text)
    .text                                    0x080001cc   Section      346  aeabi_sdiv.o(.text)
    .text                                    0x08000326   Section        0  heapauxi.o(.text)
    .text                                    0x0800032c   Section       62  sys_stackheap_outer.o(.text)
    .text                                    0x0800036a   Section        0  exit.o(.text)
    .text                                    0x0800037c   Section        8  libspace.o(.text)
    .text                                    0x08000384   Section        0  sys_exit.o(.text)
    .text                                    0x08000390   Section        2  use_no_semi.o(.text)
    .text                                    0x08000392   Section        0  indicate_semi.o(.text)
    i.ADC_ChannelConfig                      0x08000392   Section        0  stm32f0xx_adc.o(i.ADC_ChannelConfig)
    i.ADC_Cmd                                0x080003aa   Section        0  stm32f0xx_adc.o(i.ADC_Cmd)
    i.ADC_Config                             0x080003c4   Section        0  main_1.o(i.ADC_Config)
    ADC_Config                               0x080003c5   Thumb Code   130  main_1.o(i.ADC_Config)
    i.ADC_DeInit                             0x08000450   Section        0  stm32f0xx_adc.o(i.ADC_DeInit)
    i.ADC_GetCalibrationFactor               0x08000470   Section        0  stm32f0xx_adc.o(i.ADC_GetCalibrationFactor)
    i.ADC_GetConversionValue                 0x080004ac   Section        0  stm32f0xx_adc.o(i.ADC_GetConversionValue)
    i.ADC_GetFlagStatus                      0x080004b4   Section        0  stm32f0xx_adc.o(i.ADC_GetFlagStatus)
    i.ADC_Init                               0x080004e4   Section        0  stm32f0xx_adc.o(i.ADC_Init)
    i.ADC_StartOfConversion                  0x08000510   Section        0  stm32f0xx_adc.o(i.ADC_StartOfConversion)
    i.ADC_StructInit                         0x0800051a   Section        0  stm32f0xx_adc.o(i.ADC_StructInit)
    i.Delay                                  0x0800052c   Section        0  main_1.o(i.Delay)
    i.GPIO_Init                              0x08000544   Section        0  stm32f0xx_gpio.o(i.GPIO_Init)
    i.GPIO_ResetBits                         0x080005d4   Section        0  stm32f0xx_gpio.o(i.GPIO_ResetBits)
    i.GPIO_SetBits                           0x080005d8   Section        0  stm32f0xx_gpio.o(i.GPIO_SetBits)
    i.HardFault_Handler                      0x080005dc   Section        0  stm32f0xx_it.o(i.HardFault_Handler)
    i.LED_GPIO_Configuration                 0x080005e0   Section        0  main_1.o(i.LED_GPIO_Configuration)
    LED_GPIO_Configuration                   0x080005e1   Thumb Code    44  main_1.o(i.LED_GPIO_Configuration)
    i.NMI_Handler                            0x0800060c   Section        0  stm32f0xx_it.o(i.NMI_Handler)
    i.NVIC_SetPriority                       0x08000610   Section        0  main_1.o(i.NVIC_SetPriority)
    NVIC_SetPriority                         0x08000611   Thumb Code   110  main_1.o(i.NVIC_SetPriority)
    i.PendSV_Handler                         0x08000688   Section        0  stm32f0xx_it.o(i.PendSV_Handler)
    i.RCC_AHBPeriphClockCmd                  0x0800068c   Section        0  stm32f0xx_rcc.o(i.RCC_AHBPeriphClockCmd)
    i.RCC_APB2PeriphClockCmd                 0x080006ac   Section        0  stm32f0xx_rcc.o(i.RCC_APB2PeriphClockCmd)
    i.RCC_APB2PeriphResetCmd                 0x080006cc   Section        0  stm32f0xx_rcc.o(i.RCC_APB2PeriphResetCmd)
    i.SVC_Handler                            0x080006ec   Section        0  stm32f0xx_it.o(i.SVC_Handler)
    i.SetSysClock                            0x080006f0   Section        0  system_stm32f0xx.o(i.SetSysClock)
    SetSysClock                              0x080006f1   Thumb Code   206  system_stm32f0xx.o(i.SetSysClock)
    i.SysTick_Handler                        0x080007c8   Section        0  stm32f0xx_it.o(i.SysTick_Handler)
    i.SystemInit                             0x080007d0   Section        0  system_stm32f0xx.o(i.SystemInit)
    i.TimingDelay_Decrement                  0x0800084c   Section        0  main_1.o(i.TimingDelay_Decrement)
    i.main                                   0x08000864   Section        0  main_1.o(i.main)
    .data                                    0x20000000   Section       20  main_1.o(.data)
    TimingDelay                              0x20000000   Data           4  main_1.o(.data)
    .data                                    0x20000014   Section       20  system_stm32f0xx.o(.data)
    .bss                                     0x20000028   Section       96  libspace.o(.bss)
    HEAP                                     0x20000088   Section      512  startup_stm32f030.o(HEAP)
    Heap_Mem                                 0x20000088   Data         512  startup_stm32f030.o(HEAP)
    STACK                                    0x20000288   Section     1024  startup_stm32f030.o(STACK)
    Stack_Mem                                0x20000288   Data        1024  startup_stm32f030.o(STACK)
    __initial_sp                             0x20000688   Data           0  startup_stm32f030.o(STACK)

    Global Symbols

    Symbol Name                              Value     Ov Type        Size  Object(Section)

    BuildAttributes$$THM_ISAv3M$S$PE$A:L22$X:L11$S22$IEEE1$IW$USESV6$~STKCKD$USESV7$~SHL$OSPACE$ROPI$EBA8$UX$STANDARDLIB$REQ8$PRES8$EABIv2 0x00000000   Number         0  anon$$obj.o ABSOLUTE
    __ARM_use_no_argv                        0x00000000   Number         0  main_1.o ABSOLUTE
    __ARM_exceptions_init                     - Undefined Weak Reference
    __alloca_initialize                       - Undefined Weak Reference
    __arm_preinit_                            - Undefined Weak Reference
    __cpp_initialize__aeabi_                  - Undefined Weak Reference
    __cxa_finalize                            - Undefined Weak Reference
    __rt_locale                               - Undefined Weak Reference
    __sigvec_lookup                           - Undefined Weak Reference
    _atexit_init                              - Undefined Weak Reference
    _call_atexit_fns                          - Undefined Weak Reference
    _clock_init                               - Undefined Weak Reference
    _fp_trap_init                             - Undefined Weak Reference
    _fp_trap_shutdown                         - Undefined Weak Reference
    _get_lc_collate                           - Undefined Weak Reference
    _get_lc_ctype                             - Undefined Weak Reference
    _get_lc_monetary                          - Undefined Weak Reference
    _get_lc_numeric                           - Undefined Weak Reference
    _get_lc_time                              - Undefined Weak Reference
    _getenv_init                              - Undefined Weak Reference
    _handle_redirection                       - Undefined Weak Reference
    _init_alloc                               - Undefined Weak Reference
    _init_user_alloc                          - Undefined Weak Reference
    _initio                                   - Undefined Weak Reference
    _rand_init                                - Undefined Weak Reference
    _signal_finish                            - Undefined Weak Reference
    _signal_init                              - Undefined Weak Reference
    _terminate_alloc                          - Undefined Weak Reference
    _terminate_user_alloc                     - Undefined Weak Reference
    _terminateio                              - Undefined Weak Reference
    __Vectors_Size                           0x000000b4   Number         0  startup_stm32f030.o ABSOLUTE
    __Vectors                                0x08000000   Data           4  startup_stm32f030.o(RESET)
    __Vectors_End                            0x080000b4   Data           0  startup_stm32f030.o(RESET)
    __main                                   0x080000b5   Thumb Code     8  __main.o(!!!main)
    __scatterload                            0x080000bd   Thumb Code     0  __scatter.o(!!!scatter)
    __scatterload_rt2                        0x080000bd   Thumb Code    52  __scatter.o(!!!scatter)
    __scatterload_rt2_thumb_only             0x080000bd   Thumb Code     0  __scatter.o(!!!scatter)
    __scatterload_null                       0x080000cd   Thumb Code     0  __scatter.o(!!!scatter)
    __scatterload_copy                       0x080000f9   Thumb Code    26  __scatter_copy.o(!!handler_copy)
    __scatterload_zeroinit                   0x08000115   Thumb Code    28  __scatter_zi.o(!!handler_zi)
    __rt_lib_init                            0x08000131   Thumb Code     0  libinit.o(.ARM.Collect$$libinit$$00000000)
    __rt_lib_init_alloca_1                   0x08000133   Thumb Code     0  libinit2.o(.ARM.Collect$$libinit$$0000002E)
    __rt_lib_init_argv_1                     0x08000133   Thumb Code     0  libinit2.o(.ARM.Collect$$libinit$$0000002C)
    __rt_lib_init_atexit_1                   0x08000133   Thumb Code     0  libinit2.o(.ARM.Collect$$libinit$$0000001B)
    __rt_lib_init_clock_1                    0x08000133   Thumb Code     0  libinit2.o(.ARM.Collect$$libinit$$00000021)
    __rt_lib_init_cpp_1                      0x08000133   Thumb Code     0  libinit2.o(.ARM.Collect$$libinit$$00000032)
    __rt_lib_init_exceptions_1               0x08000133   Thumb Code     0  libinit2.o(.ARM.Collect$$libinit$$00000030)
    __rt_lib_init_fp_1                       0x08000133   Thumb Code     0  libinit2.o(.ARM.Collect$$libinit$$00000002)
    __rt_lib_init_fp_trap_1                  0x08000133   Thumb Code     0  libinit2.o(.ARM.Collect$$libinit$$0000001F)
    __rt_lib_init_getenv_1                   0x08000133   Thumb Code     0  libinit2.o(.ARM.Collect$$libinit$$00000023)
    __rt_lib_init_heap_1                     0x08000133   Thumb Code     0  libinit2.o(.ARM.Collect$$libinit$$0000000A)
    __rt_lib_init_lc_collate_1               0x08000133   Thumb Code     0  libinit2.o(.ARM.Collect$$libinit$$00000011)
    __rt_lib_init_lc_ctype_1                 0x08000133   Thumb Code     0  libinit2.o(.ARM.Collect$$libinit$$00000013)
    __rt_lib_init_lc_monetary_1              0x08000133   Thumb Code     0  libinit2.o(.ARM.Collect$$libinit$$00000015)
    __rt_lib_init_lc_numeric_1               0x08000133   Thumb Code     0  libinit2.o(.ARM.Collect$$libinit$$00000017)
    __rt_lib_init_lc_time_1                  0x08000133   Thumb Code     0  libinit2.o(.ARM.Collect$$libinit$$00000019)
    __rt_lib_init_preinit_1                  0x08000133   Thumb Code     0  libinit2.o(.ARM.Collect$$libinit$$00000004)
    __rt_lib_init_rand_1                     0x08000133   Thumb Code     0  libinit2.o(.ARM.Collect$$libinit$$0000000E)
    __rt_lib_init_return                     0x08000133   Thumb Code     0  libinit2.o(.ARM.Collect$$libinit$$00000033)
    __rt_lib_init_signal_1                   0x08000133   Thumb Code     0  libinit2.o(.ARM.Collect$$libinit$$0000001D)
    __rt_lib_init_stdio_1                    0x08000133   Thumb Code     0  libinit2.o(.ARM.Collect$$libinit$$00000025)
    __rt_lib_init_user_alloc_1               0x08000133   Thumb Code     0  libinit2.o(.ARM.Collect$$libinit$$0000000C)
    __rt_lib_shutdown                        0x08000135   Thumb Code     0  libshutdown.o(.ARM.Collect$$libshutdown$$00000000)
    __rt_lib_shutdown_cpp_1                  0x08000137   Thumb Code     0  libshutdown2.o(.ARM.Collect$$libshutdown$$00000002)
    __rt_lib_shutdown_fp_trap_1              0x08000137   Thumb Code     0  libshutdown2.o(.ARM.Collect$$libshutdown$$00000007)
    __rt_lib_shutdown_heap_1                 0x08000137   Thumb Code     0  libshutdown2.o(.ARM.Collect$$libshutdown$$0000000F)
    __rt_lib_shutdown_return                 0x08000137   Thumb Code     0  libshutdown2.o(.ARM.Collect$$libshutdown$$00000010)
    __rt_lib_shutdown_signal_1               0x08000137   Thumb Code     0  libshutdown2.o(.ARM.Collect$$libshutdown$$0000000A)
    __rt_lib_shutdown_stdio_1                0x08000137   Thumb Code     0  libshutdown2.o(.ARM.Collect$$libshutdown$$00000004)
    __rt_lib_shutdown_user_alloc_1           0x08000137   Thumb Code     0  libshutdown2.o(.ARM.Collect$$libshutdown$$0000000C)
    __rt_entry                               0x08000139   Thumb Code     0  __rtentry.o(.ARM.Collect$$rtentry$$00000000)
    __rt_entry_presh_1                       0x08000139   Thumb Code     0  __rtentry2.o(.ARM.Collect$$rtentry$$00000002)
    __rt_entry_sh                            0x08000139   Thumb Code     0  __rtentry4.o(.ARM.Collect$$rtentry$$00000004)
    __rt_entry_li                            0x0800013f   Thumb Code     0  __rtentry2.o(.ARM.Collect$$rtentry$$0000000A)
    __rt_entry_postsh_1                      0x0800013f   Thumb Code     0  __rtentry2.o(.ARM.Collect$$rtentry$$00000009)
    __rt_entry_main                          0x08000143   Thumb Code     0  __rtentry2.o(.ARM.Collect$$rtentry$$0000000D)
    __rt_entry_postli_1                      0x08000143   Thumb Code     0  __rtentry2.o(.ARM.Collect$$rtentry$$0000000C)
    __rt_exit                                0x0800014b   Thumb Code     0  rtexit.o(.ARM.Collect$$rtexit$$00000000)
    __rt_exit_ls                             0x0800014d   Thumb Code     0  rtexit2.o(.ARM.Collect$$rtexit$$00000003)
    __rt_exit_prels_1                        0x0800014d   Thumb Code     0  rtexit2.o(.ARM.Collect$$rtexit$$00000002)
    __rt_exit_exit                           0x08000151   Thumb Code     0  rtexit2.o(.ARM.Collect$$rtexit$$00000004)
    Reset_Handler                            0x08000159   Thumb Code    38  startup_stm32f030.o(.text)
    ADC1_IRQHandler                          0x08000189   Thumb Code     0  startup_stm32f030.o(.text)
    DMA1_Channel1_IRQHandler                 0x08000189   Thumb Code     0  startup_stm32f030.o(.text)
    DMA1_Channel2_3_IRQHandler               0x08000189   Thumb Code     0  startup_stm32f030.o(.text)
    DMA1_Channel4_5_IRQHandler               0x08000189   Thumb Code     0  startup_stm32f030.o(.text)
    EXTI0_1_IRQHandler                       0x08000189   Thumb Code     0  startup_stm32f030.o(.text)
    EXTI2_3_IRQHandler                       0x08000189   Thumb Code     0  startup_stm32f030.o(.text)
    EXTI4_15_IRQHandler                      0x08000189   Thumb Code     0  startup_stm32f030.o(.text)
    FLASH_IRQHandler                         0x08000189   Thumb Code     0  startup_stm32f030.o(.text)
    I2C1_IRQHandler                          0x08000189   Thumb Code     0  startup_stm32f030.o(.text)
    I2C2_IRQHandler                          0x08000189   Thumb Code     0  startup_stm32f030.o(.text)
    RCC_IRQHandler                           0x08000189   Thumb Code     0  startup_stm32f030.o(.text)
    RTC_IRQHandler                           0x08000189   Thumb Code     0  startup_stm32f030.o(.text)
    SPI1_IRQHandler                          0x08000189   Thumb Code     0  startup_stm32f030.o(.text)
    SPI2_IRQHandler                          0x08000189   Thumb Code     0  startup_stm32f030.o(.text)
    TIM14_IRQHandler                         0x08000189   Thumb Code     0  startup_stm32f030.o(.text)
    TIM15_IRQHandler                         0x08000189   Thumb Code     0  startup_stm32f030.o(.text)
    TIM16_IRQHandler                         0x08000189   Thumb Code     0  startup_stm32f030.o(.text)
    TIM17_IRQHandler                         0x08000189   Thumb Code     0  startup_stm32f030.o(.text)
    TIM1_BRK_UP_TRG_COM_IRQHandler           0x08000189   Thumb Code     0  startup_stm32f030.o(.text)
    TIM1_CC_IRQHandler                       0x08000189   Thumb Code     0  startup_stm32f030.o(.text)
    TIM3_IRQHandler                          0x08000189   Thumb Code     0  startup_stm32f030.o(.text)
    USART1_IRQHandler                        0x08000189   Thumb Code     0  startup_stm32f030.o(.text)
    USART2_IRQHandler                        0x08000189   Thumb Code     0  startup_stm32f030.o(.text)
    WWDG_IRQHandler                          0x08000189   Thumb Code     0  startup_stm32f030.o(.text)
    __user_initial_stackheap                 0x0800018d   Thumb Code     0  startup_stm32f030.o(.text)
    __aeabi_uidiv                            0x080001cd   Thumb Code     0  aeabi_sdiv.o(.text)
    __aeabi_uidivmod                         0x080001cd   Thumb Code    20  aeabi_sdiv.o(.text)
    __aeabi_idiv                             0x080001e1   Thumb Code     0  aeabi_sdiv.o(.text)
    __aeabi_idivmod                          0x080001e1   Thumb Code   326  aeabi_sdiv.o(.text)
    __use_two_region_memory                  0x08000327   Thumb Code     2  heapauxi.o(.text)
    __rt_heap_escrow$2region                 0x08000329   Thumb Code     2  heapauxi.o(.text)
    __rt_heap_expand$2region                 0x0800032b   Thumb Code     2  heapauxi.o(.text)
    __user_setup_stackheap                   0x0800032d   Thumb Code    62  sys_stackheap_outer.o(.text)
    exit                                     0x0800036b   Thumb Code    16  exit.o(.text)
    __user_libspace                          0x0800037d   Thumb Code     8  libspace.o(.text)
    __user_perproc_libspace                  0x0800037d   Thumb Code     0  libspace.o(.text)
    __user_perthread_libspace                0x0800037d   Thumb Code     0  libspace.o(.text)
    _sys_exit                                0x08000385   Thumb Code     8  sys_exit.o(.text)
    __I$use$semihosting                      0x08000391   Thumb Code     0  use_no_semi.o(.text)
    __use_no_semihosting_swi                 0x08000391   Thumb Code     2  use_no_semi.o(.text)
    ADC_ChannelConfig                        0x08000393   Thumb Code    24  stm32f0xx_adc.o(i.ADC_ChannelConfig)
    __semihosting_library_function           0x08000393   Thumb Code     0  indicate_semi.o(.text)
    ADC_Cmd                                  0x080003ab   Thumb Code    24  stm32f0xx_adc.o(i.ADC_Cmd)
    ADC_DeInit                               0x08000451   Thumb Code    28  stm32f0xx_adc.o(i.ADC_DeInit)
    ADC_GetCalibrationFactor                 0x08000471   Thumb Code    60  stm32f0xx_adc.o(i.ADC_GetCalibrationFactor)
    ADC_GetConversionValue                   0x080004ad   Thumb Code     8  stm32f0xx_adc.o(i.ADC_GetConversionValue)
    ADC_GetFlagStatus                        0x080004b5   Thumb Code    48  stm32f0xx_adc.o(i.ADC_GetFlagStatus)
    ADC_Init                                 0x080004e5   Thumb Code    40  stm32f0xx_adc.o(i.ADC_Init)
    ADC_StartOfConversion                    0x08000511   Thumb Code    10  stm32f0xx_adc.o(i.ADC_StartOfConversion)
    ADC_StructInit                           0x0800051b   Thumb Code    16  stm32f0xx_adc.o(i.ADC_StructInit)
    Delay                                    0x0800052d   Thumb Code    20  main_1.o(i.Delay)
    GPIO_Init                                0x08000545   Thumb Code   144  stm32f0xx_gpio.o(i.GPIO_Init)
    GPIO_ResetBits                           0x080005d5   Thumb Code     4  stm32f0xx_gpio.o(i.GPIO_ResetBits)
    GPIO_SetBits                             0x080005d9   Thumb Code     4  stm32f0xx_gpio.o(i.GPIO_SetBits)
    HardFault_Handler                        0x080005dd   Thumb Code     4  stm32f0xx_it.o(i.HardFault_Handler)
    NMI_Handler                              0x0800060d   Thumb Code     2  stm32f0xx_it.o(i.NMI_Handler)
    PendSV_Handler                           0x08000689   Thumb Code     2  stm32f0xx_it.o(i.PendSV_Handler)
    RCC_AHBPeriphClockCmd                    0x0800068d   Thumb Code    28  stm32f0xx_rcc.o(i.RCC_AHBPeriphClockCmd)
    RCC_APB2PeriphClockCmd                   0x080006ad   Thumb Code    28  stm32f0xx_rcc.o(i.RCC_APB2PeriphClockCmd)
    RCC_APB2PeriphResetCmd                   0x080006cd   Thumb Code    28  stm32f0xx_rcc.o(i.RCC_APB2PeriphResetCmd)
    SVC_Handler                              0x080006ed   Thumb Code     2  stm32f0xx_it.o(i.SVC_Handler)
    SysTick_Handler                          0x080007c9   Thumb Code     8  stm32f0xx_it.o(i.SysTick_Handler)
    SystemInit                               0x080007d1   Thumb Code   110  system_stm32f0xx.o(i.SystemInit)
    TimingDelay_Decrement                    0x0800084d   Thumb Code    20  main_1.o(i.TimingDelay_Decrement)
    main                                     0x08000865   Thumb Code   216  main_1.o(i.main)
    Region$$Table$$Base                      0x08000964   Number         0  anon$$obj.o(Region$$Table)
    Region$$Table$$Limit                     0x08000984   Number         0  anon$$obj.o(Region$$Table)
    Stepping                                 0x20000004   Data           1  main_1.o(.data)
    ADC1ConvertedValue                       0x20000006   Data           2  main_1.o(.data)
    ADC1ConvertedVoltage                     0x20000008   Data           2  main_1.o(.data)
    PC1v                                     0x2000000c   Data           4  main_1.o(.data)
    PC1mv                                    0x20000010   Data           4  main_1.o(.data)
    SystemCoreClock                          0x20000014   Data           4  system_stm32f0xx.o(.data)
    AHBPrescTable                            0x20000018   Data          16  system_stm32f0xx.o(.data)
    __libspace_start                         0x20000028   Data          96  libspace.o(.bss)
    __temporary_stack_top$libspace           0x20000088   Data           0  libspace.o(.bss)



==============================================================================

Memory Map of the image

  Image Entry point : 0x08000159

  Load Region LR_1 (Base: 0x08000000, Size: 0x000009ac, Max: 0xffffffff, ABSOLUTE)

    Execution Region ER_RO (Exec base: 0x08000000, Load base: 0x08000000, Size: 0x00000984, Max: 0xffffffff, ABSOLUTE)

    Exec Addr    Load Addr    Size         Type   Attr      Idx    E Section Name        Object

    0x08000000   0x08000000   0x000000b4   Data   RO          725    RESET               startup_stm32f030.o
    0x080000b4   0x080000b4   0x00000008   Code   RO          738  * !!!main             c_p.l(__main.o)
    0x080000bc   0x080000bc   0x0000003c   Code   RO          907    !!!scatter          c_p.l(__scatter.o)
    0x080000f8   0x080000f8   0x0000001a   Code   RO          909    !!handler_copy      c_p.l(__scatter_copy.o)
    0x08000112   0x08000112   0x00000002   PAD
    0x08000114   0x08000114   0x0000001c   Code   RO          911    !!handler_zi        c_p.l(__scatter_zi.o)
    0x08000130   0x08000130   0x00000002   Code   RO          776    .ARM.Collect$$libinit$$00000000  c_p.l(libinit.o)
    0x08000132   0x08000132   0x00000000   Code   RO          790    .ARM.Collect$$libinit$$00000002  c_p.l(libinit2.o)
    0x08000132   0x08000132   0x00000000   Code   RO          792    .ARM.Collect$$libinit$$00000004  c_p.l(libinit2.o)
    0x08000132   0x08000132   0x00000000   Code   RO          795    .ARM.Collect$$libinit$$0000000A  c_p.l(libinit2.o)
    0x08000132   0x08000132   0x00000000   Code   RO          797    .ARM.Collect$$libinit$$0000000C  c_p.l(libinit2.o)
    0x08000132   0x08000132   0x00000000   Code   RO          799    .ARM.Collect$$libinit$$0000000E  c_p.l(libinit2.o)
    0x08000132   0x08000132   0x00000000   Code   RO          802    .ARM.Collect$$libinit$$00000011  c_p.l(libinit2.o)
    0x08000132   0x08000132   0x00000000   Code   RO          804    .ARM.Collect$$libinit$$00000013  c_p.l(libinit2.o)
    0x08000132   0x08000132   0x00000000   Code   RO          806    .ARM.Collect$$libinit$$00000015  c_p.l(libinit2.o)
    0x08000132   0x08000132   0x00000000   Code   RO          808    .ARM.Collect$$libinit$$00000017  c_p.l(libinit2.o)
    0x08000132   0x08000132   0x00000000   Code   RO          810    .ARM.Collect$$libinit$$00000019  c_p.l(libinit2.o)
    0x08000132   0x08000132   0x00000000   Code   RO          812    .ARM.Collect$$libinit$$0000001B  c_p.l(libinit2.o)
    0x08000132   0x08000132   0x00000000   Code   RO          814    .ARM.Collect$$libinit$$0000001D  c_p.l(libinit2.o)
    0x08000132   0x08000132   0x00000000   Code   RO          816    .ARM.Collect$$libinit$$0000001F  c_p.l(libinit2.o)
    0x08000132   0x08000132   0x00000000   Code   RO          818    .ARM.Collect$$libinit$$00000021  c_p.l(libinit2.o)
    0x08000132   0x08000132   0x00000000   Code   RO          820    .ARM.Collect$$libinit$$00000023  c_p.l(libinit2.o)
    0x08000132   0x08000132   0x00000000   Code   RO          822    .ARM.Collect$$libinit$$00000025  c_p.l(libinit2.o)
    0x08000132   0x08000132   0x00000000   Code   RO          826    .ARM.Collect$$libinit$$0000002C  c_p.l(libinit2.o)
    0x08000132   0x08000132   0x00000000   Code   RO          828    .ARM.Collect$$libinit$$0000002E  c_p.l(libinit2.o)
    0x08000132   0x08000132   0x00000000   Code   RO          830    .ARM.Collect$$libinit$$00000030  c_p.l(libinit2.o)
    0x08000132   0x08000132   0x00000000   Code   RO          832    .ARM.Collect$$libinit$$00000032  c_p.l(libinit2.o)
    0x08000132   0x08000132   0x00000002   Code   RO          833    .ARM.Collect$$libinit$$00000033  c_p.l(libinit2.o)
    0x08000134   0x08000134   0x00000002   Code   RO          864    .ARM.Collect$$libshutdown$$00000000  c_p.l(libshutdown.o)
    0x08000136   0x08000136   0x00000000   Code   RO          890    .ARM.Collect$$libshutdown$$00000002  c_p.l(libshutdown2.o)
    0x08000136   0x08000136   0x00000000   Code   RO          892    .ARM.Collect$$libshutdown$$00000004  c_p.l(libshutdown2.o)
    0x08000136   0x08000136   0x00000000   Code   RO          895    .ARM.Collect$$libshutdown$$00000007  c_p.l(libshutdown2.o)
    0x08000136   0x08000136   0x00000000   Code   RO          898    .ARM.Collect$$libshutdown$$0000000A  c_p.l(libshutdown2.o)
    0x08000136   0x08000136   0x00000000   Code   RO          900    .ARM.Collect$$libshutdown$$0000000C  c_p.l(libshutdown2.o)
    0x08000136   0x08000136   0x00000000   Code   RO          903    .ARM.Collect$$libshutdown$$0000000F  c_p.l(libshutdown2.o)
    0x08000136   0x08000136   0x00000002   Code   RO          904    .ARM.Collect$$libshutdown$$00000010  c_p.l(libshutdown2.o)
    0x08000138   0x08000138   0x00000000   Code   RO          740    .ARM.Collect$$rtentry$$00000000  c_p.l(__rtentry.o)
    0x08000138   0x08000138   0x00000000   Code   RO          746    .ARM.Collect$$rtentry$$00000002  c_p.l(__rtentry2.o)
    0x08000138   0x08000138   0x00000006   Code   RO          758    .ARM.Collect$$rtentry$$00000004  c_p.l(__rtentry4.o)
    0x0800013e   0x0800013e   0x00000000   Code   RO          748    .ARM.Collect$$rtentry$$00000009  c_p.l(__rtentry2.o)
    0x0800013e   0x0800013e   0x00000004   Code   RO          749    .ARM.Collect$$rtentry$$0000000A  c_p.l(__rtentry2.o)
    0x08000142   0x08000142   0x00000000   Code   RO          751    .ARM.Collect$$rtentry$$0000000C  c_p.l(__rtentry2.o)
    0x08000142   0x08000142   0x00000008   Code   RO          752    .ARM.Collect$$rtentry$$0000000D  c_p.l(__rtentry2.o)
    0x0800014a   0x0800014a   0x00000002   Code   RO          781    .ARM.Collect$$rtexit$$00000000  c_p.l(rtexit.o)
    0x0800014c   0x0800014c   0x00000000   Code   RO          837    .ARM.Collect$$rtexit$$00000002  c_p.l(rtexit2.o)
    0x0800014c   0x0800014c   0x00000004   Code   RO          838    .ARM.Collect$$rtexit$$00000003  c_p.l(rtexit2.o)
    0x08000150   0x08000150   0x00000006   Code   RO          839    .ARM.Collect$$rtexit$$00000004  c_p.l(rtexit2.o)
    0x08000156   0x08000156   0x00000002   PAD
    0x08000158   0x08000158   0x00000074   Code   RO          726  * .text               startup_stm32f030.o
    0x080001cc   0x080001cc   0x0000015a   Code   RO          732    .text               c_p.l(aeabi_sdiv.o)
    0x08000326   0x08000326   0x00000006   Code   RO          736    .text               c_p.l(heapauxi.o)
    0x0800032c   0x0800032c   0x0000003e   Code   RO          762    .text               c_p.l(sys_stackheap_outer.o)
    0x0800036a   0x0800036a   0x00000010   Code   RO          765    .text               c_p.l(exit.o)
    0x0800037a   0x0800037a   0x00000002   PAD
    0x0800037c   0x0800037c   0x00000008   Code   RO          777    .text               c_p.l(libspace.o)
    0x08000384   0x08000384   0x0000000c   Code   RO          834    .text               c_p.l(sys_exit.o)
    0x08000390   0x08000390   0x00000002   Code   RO          853    .text               c_p.l(use_no_semi.o)
    0x08000392   0x08000392   0x00000000   Code   RO          855    .text               c_p.l(indicate_semi.o)
    0x08000392   0x08000392   0x00000018   Code   RO          536    i.ADC_ChannelConfig  stm32f0xx_adc.o
    0x080003aa   0x080003aa   0x00000018   Code   RO          540    i.ADC_Cmd           stm32f0xx_adc.o
    0x080003c2   0x080003c2   0x00000002   PAD
    0x080003c4   0x080003c4   0x0000008c   Code   RO            3    i.ADC_Config        main_1.o
    0x08000450   0x08000450   0x00000020   Code   RO          544    i.ADC_DeInit        stm32f0xx_adc.o
    0x08000470   0x08000470   0x0000003c   Code   RO          546    i.ADC_GetCalibrationFactor  stm32f0xx_adc.o
    0x080004ac   0x080004ac   0x00000008   Code   RO          547    i.ADC_GetConversionValue  stm32f0xx_adc.o
    0x080004b4   0x080004b4   0x00000030   Code   RO          548    i.ADC_GetFlagStatus  stm32f0xx_adc.o
    0x080004e4   0x080004e4   0x0000002c   Code   RO          551    i.ADC_Init          stm32f0xx_adc.o
    0x08000510   0x08000510   0x0000000a   Code   RO          554    i.ADC_StartOfConversion  stm32f0xx_adc.o
    0x0800051a   0x0800051a   0x00000010   Code   RO          556    i.ADC_StructInit    stm32f0xx_adc.o
    0x0800052a   0x0800052a   0x00000002   PAD
    0x0800052c   0x0800052c   0x00000018   Code   RO            4    i.Delay             main_1.o
    0x08000544   0x08000544   0x00000090   Code   RO          178    i.GPIO_Init         stm32f0xx_gpio.o
    0x080005d4   0x080005d4   0x00000004   Code   RO          185    i.GPIO_ResetBits    stm32f0xx_gpio.o
    0x080005d8   0x080005d8   0x00000004   Code   RO          186    i.GPIO_SetBits      stm32f0xx_gpio.o
    0x080005dc   0x080005dc   0x00000004   Code   RO           90    i.HardFault_Handler  stm32f0xx_it.o
    0x080005e0   0x080005e0   0x0000002c   Code   RO            5    i.LED_GPIO_Configuration  main_1.o
    0x0800060c   0x0800060c   0x00000002   Code   RO           91    i.NMI_Handler       stm32f0xx_it.o
    0x0800060e   0x0800060e   0x00000002   PAD
    0x08000610   0x08000610   0x00000078   Code   RO            6    i.NVIC_SetPriority  main_1.o
    0x08000688   0x08000688   0x00000002   Code   RO           92    i.PendSV_Handler    stm32f0xx_it.o
    0x0800068a   0x0800068a   0x00000002   PAD
    0x0800068c   0x0800068c   0x00000020   Code   RO          270    i.RCC_AHBPeriphClockCmd  stm32f0xx_rcc.o
    0x080006ac   0x080006ac   0x00000020   Code   RO          274    i.RCC_APB2PeriphClockCmd  stm32f0xx_rcc.o
    0x080006cc   0x080006cc   0x00000020   Code   RO          275    i.RCC_APB2PeriphResetCmd  stm32f0xx_rcc.o
    0x080006ec   0x080006ec   0x00000002   Code   RO           93    i.SVC_Handler       stm32f0xx_it.o
    0x080006ee   0x080006ee   0x00000002   PAD
    0x080006f0   0x080006f0   0x000000d8   Code   RO          140    i.SetSysClock       system_stm32f0xx.o
    0x080007c8   0x080007c8   0x00000008   Code   RO           94    i.SysTick_Handler   stm32f0xx_it.o
    0x080007d0   0x080007d0   0x0000007c   Code   RO          142    i.SystemInit        system_stm32f0xx.o
    0x0800084c   0x0800084c   0x00000018   Code   RO            7    i.TimingDelay_Decrement  main_1.o
    0x08000864   0x08000864   0x00000100   Code   RO            8    i.main              main_1.o
    0x08000964   0x08000964   0x00000020   Data   RO          905    Region$$Table       anon$$obj.o


    Execution Region ER_RW (Exec base: 0x20000000, Load base: 0x08000984, Size: 0x00000028, Max: 0xffffffff, ABSOLUTE)

    Exec Addr    Load Addr    Size         Type   Attr      Idx    E Section Name        Object

    0x20000000   0x08000984   0x00000014   Data   RW            9    .data               main_1.o
    0x20000014   0x08000998   0x00000014   Data   RW          143    .data               system_stm32f0xx.o


    Execution Region ER_ZI (Exec base: 0x20000028, Load base: 0x080009ac, Size: 0x00000660, Max: 0xffffffff, ABSOLUTE)

    Exec Addr    Load Addr    Size         Type   Attr      Idx    E Section Name        Object

    0x20000028        -       0x00000060   Zero   RW          778    .bss                c_p.l(libspace.o)
    0x20000088        -       0x00000200   Zero   RW          724    HEAP                startup_stm32f030.o
    0x20000288        -       0x00000400   Zero   RW          723    STACK               startup_stm32f030.o


==============================================================================

Image component sizes


      Code (inc. data)   RO Data    RW Data    ZI Data      Debug   Object Name

       608         68          0         20          0     184293   main_1.o
       116         56        180          0       1536        736   startup_stm32f030.o
       266          8          0          0          0       5399   stm32f0xx_adc.o
       152          0          0          0          0       2044   stm32f0xx_gpio.o
        18          0          0          0          0       2095   stm32f0xx_it.o
        96         12          0          0          0       1630   stm32f0xx_rcc.o
       340         24          0         20          0       1677   system_stm32f0xx.o

    ----------------------------------------------------------------------
      1606        168        212         40       1536     197874   Object Totals
         0          0         32          0          0          0   (incl. Generated)
        10          0          0          0          0          0   (incl. Padding)

    ----------------------------------------------------------------------

      Code (inc. data)   RO Data    RW Data    ZI Data      Debug   Library Member Name

         8          0          0          0          0         68   __main.o
         0          0          0          0          0          0   __rtentry.o
        12          0          0          0          0          0   __rtentry2.o
         6          0          0          0          0          0   __rtentry4.o
        60          8          0          0          0          0   __scatter.o
        26          0          0          0          0          0   __scatter_copy.o
        28          0          0          0          0          0   __scatter_zi.o
       346          0          0          0          0         92   aeabi_sdiv.o
        16          0          0          0          0         68   exit.o
         6          0          0          0          0        136   heapauxi.o
         0          0          0          0          0          0   indicate_semi.o
         2          0          0          0          0          0   libinit.o
         2          0          0          0          0          0   libinit2.o
         2          0          0          0          0          0   libshutdown.o
         2          0          0          0          0          0   libshutdown2.o
         8          4          0          0         96         68   libspace.o
         2          0          0          0          0          0   rtexit.o
        10          0          0          0          0          0   rtexit2.o
        12          4          0          0          0         60   sys_exit.o
        62          0          0          0          0         80   sys_stackheap_outer.o
         2          0          0          0          0         68   use_no_semi.o

    ----------------------------------------------------------------------
       618         16          0          0         96        640   Library Totals
         6          0          0          0          0          0   (incl. Padding)

    ----------------------------------------------------------------------

      Code (inc. data)   RO Data    RW Data    ZI Data      Debug   Library Name

       612         16          0          0         96        640   c_p.l

    ----------------------------------------------------------------------
       618         16          0          0         96        640   Library Totals

    ----------------------------------------------------------------------

==============================================================================


      Code (inc. data)   RO Data    RW Data    ZI Data      Debug   

      2224        184        212         40       1632     197314   Grand Totals
      2224        184        212         40       1632     197314   ELF Image Totals
      2224        184        212         40          0          0   ROM Totals

==============================================================================

    Total RO  Size (Code + RO Data)                 2436 (   2.38kB)
    Total RW  Size (RW Data + ZI Data)              1672 (   1.63kB)
    Total ROM Size (Code + RO Data + RW Data)       2476 (   2.42kB)

==============================================================================

